<h1>Hello World</h1>

<h2>Here's a list generated from data.json with twig.js for each</h2>
<ul>
            <li>one</li>
            <li>two</li>
            <li>three</li>
    </ul>

<h3>A number: 42</h3>

<h3>A string: Hello World</h3>